// Jest Snapshot v1, https://goo.gl/fbAQLP

exports[`Hello Component should renders config 1`] = `
<div>
  <div>
    <h1>I am testable</h1>
    <div>I am a child</div>
  </div>
</div>
`;

exports[`Hello Component should renders correctly 1`] = `
<div>
  <h1>I am testable</h1>
  <div>I am a child</div>
</div>
`;
